00000000 HeJ38jcWLtoAqyyRRku7AyiGcE49to
c580932e __Test__Walk__/test30_missingFiles()/C64069Oq94ukd4S3z75GlHelMk6vsZ
00000000 dNPDI6YVvM4qSRZ2k3DhL3AM1mYkjw
8bb5bacc __Test__Walk__/test30_missingFiles()/EVLDP0yNcCb2oHofIs6PjEQDXvlidd
8b04dfbf __Test__Walk__/test30_missingFiles()/eXizaY0ON8Kzp470NvinE997fH8DDD
00000000 XtS1ggWJgrCFraHEFHCvCG8IMryUIY
