ea4fcecc __Test__Walk__/test21_mediumRandomFiles()/lKaGx3kPRevsDZMaklSlewAthPDPPy
321731df __Test__Walk__/test21_mediumRandomFiles()/VqRmED6YnokPAiWXUlVYQF5D4xmyKS
513162bc __Test__Walk__/test21_mediumRandomFiles()/Iifw3VzviyjuAwOJc2DWP66r35tEVA
99c2fb75 __Test__Walk__/test21_mediumRandomFiles()/EVLDP0yNcCb2oHofIs6PjEQDXvlidd
3eb42e9b __Test__Walk__/test21_mediumRandomFiles()/5iinHVdZdeZr5jwsO8WE8p5BLO0L78
c18d86c8 __Test__Walk__/test21_mediumRandomFiles()/SHOWiBM64QNq1eixgZnBMSPcPvUYkT
6e960190 __Test__Walk__/test21_mediumRandomFiles()/zZlpudAOfDsaG45TXbziaLTwvZ3AWP
d86cf3f4 __Test__Walk__/test21_mediumRandomFiles()/3aLG3Dlx3aaxvyC88dnn7Jw1dUH4i5
094afc11 __Test__Walk__/test21_mediumRandomFiles()/tL4a4nzPqcXGDhIrIkLa5pO3B73IEi
cdf033e3 __Test__Walk__/test21_mediumRandomFiles()/777PqWFoUHQhNG3DjobbhuAtqw56fW
