00000000 __Test__Walk__/test15_tenEmptyFiles()/ulB8B47Z8LJt5wOzhvJsOxbYSwhK9z
00000000 __Test__Walk__/test15_tenEmptyFiles()/YkjwXtS1ggWJgrCFraHEFHCvCG8IMr
00000000 __Test__Walk__/test15_tenEmptyFiles()/DDDyTCHeJ38jcWLtoAqyyRRku7AyiG
00000000 __Test__Walk__/test15_tenEmptyFiles()/UUakLzZnCQNlTcH2l5kSbgGVxP4bP8
00000000 __Test__Walk__/test15_tenEmptyFiles()/UIY69knzGGyU4Cd5a8Sd1jrzXNjvox
00000000 __Test__Walk__/test15_tenEmptyFiles()/zPC64069Oq94ukd4S3z75GlHelMk6v
00000000 __Test__Walk__/test15_tenEmptyFiles()/E49todNPDI6YVvM4qSRZ2k3DhL3AM1
00000000 __Test__Walk__/test15_tenEmptyFiles()/fH4fJ0PYTFOg8t0XQqQRmh0eGgOTGy
00000000 __Test__Walk__/test15_tenEmptyFiles()/ZNPxeXizaY0ON8Kzp470NvinE997fH
00000000 __Test__Walk__/test15_tenEmptyFiles()/EVLDP0yNcCb2oHofIs6PjEQDXvlidd
