c580932e __Test__Walk__/test40_errorReading()/C64069Oq94ukd4S3z75GlHelMk6vsZ
00000000 __Test__Walk__..
00000000 __Test__Walk__@
8b04dfbf __Test__Walk__/test40_errorReading()/eXizaY0ON8Kzp470NvinE997fH8DDD
8bb5bacc __Test__Walk__/test40_errorReading()/EVLDP0yNcCb2oHofIs6PjEQDXvlidd
