044cd53f __Test__Walk__/test22_largeRandomFiles()/5HgDWeZSmmm5BISuIBwECJGVoLq2fT
fa13a728 __Test__Walk__/test22_largeRandomFiles()/FVvXDAqBybXLp6y9L0UZscAXaA7YhH
6b0df204 __Test__Walk__/test22_largeRandomFiles()/d7DFQAwzAg2rABv33Xolg6WbJpx2Ne
fb68702e __Test__Walk__/test22_largeRandomFiles()/EVLDP0yNcCb2oHofIs6PjEQDXvlidd
17f77636 __Test__Walk__/test22_largeRandomFiles()/ynB05ZodHDs1qMwasgGUIqm4iVSrJa
d6fbd91b __Test__Walk__/test22_largeRandomFiles()/cjLHdgVhrcs7vxiLE7DUh2PpQNtvGH
69d1bac9 __Test__Walk__/test22_largeRandomFiles()/wn4k9ZyIsRFe2uHpn5rvybaphTtaRN
77aeb5f3 __Test__Walk__/test22_largeRandomFiles()/4wNRyqTSRXpR9v18kwCoSHHX6n5Oa6
e5622923 __Test__Walk__/test22_largeRandomFiles()/2rNL0tF9esW2iv1i2mRNFY065eHqE9
c1563509 __Test__Walk__/test22_largeRandomFiles()/Ctp9DbdJvzn5xVqUjGzXc0mcAE2b1w
