db26632e __Test__Walk__/test20_smallRandomFiles()/d4S3z75GlHelMk6vsZNPxeXizaY0ON
b26d818b __Test__Walk__/test20_smallRandomFiles()/wx5dWeSWyTkc2bunoXOrcD2gEqUocv
b57543ca __Test__Walk__/test20_smallRandomFiles()/9RCYO6D6xVZ2rOOlC2Rxo0B1pTQylj
611b3841 __Test__Walk__/test20_smallRandomFiles()/DyTCHeJ38jcWLtoAqyyRRku7AyiGcE
55538cc5 __Test__Walk__/test20_smallRandomFiles()/SbgGVxP4bP8VVgJZHs0Jq8A03vOY1f
235ad359 __Test__Walk__/test20_smallRandomFiles()/2k3DhL3AM1mYkjwXtS1ggWJgrCFraH
396d3551 __Test__Walk__/test20_smallRandomFiles()/l6wBgqrBRxAqdLjmByt12EIlDVYL5W
ded21845 __Test__Walk__/test20_smallRandomFiles()/4Cd5a8Sd1jrzXNjvoxnfH4fJ0PYTFO
8e92e51b __Test__Walk__/test20_smallRandomFiles()/EVLDP0yNcCb2oHofIs6PjEQDXvlidd
7d4b7e70 __Test__Walk__/test20_smallRandomFiles()/lB8B47Z8LJt5wOzhvJsOxbYSwhK9zd
