8e92e51b __Test__Walk__/test56_emojiSupport()/游땓游땓游땓游녧游꿄游녧游녧游땓游땘游땘游누游땘游누游누游녧游꿄游꿄游꿄游땓游땓游땓游꿄游녧游땘游꿄游누游땘游땘游땘游땘
ded21845 __Test__Walk__/test56_emojiSupport()/游땘游누游녧游녧游녧游땘游꿄游녧游땘游꿄游땘游땘游땓游누游녧游누游꿄游땘游녧游땘游땓游꿄游녧游꿄游누游누游땘游땘游땘游누
235ad359 __Test__Walk__/test56_emojiSupport()/游땘游땘游땘游꿄游녧游땘游땘游땘游누游꿄游땓游땓游땓游땓游누游누游땘游꿄游땘游누游꿄游누游땘游녧游꿄游꿄游땓游꿄游땘游누
396d3551 __Test__Walk__/test56_emojiSupport()/游녧游녧游땘游녧游녧游땘游땘游꿄游꿄游꿄游땓游꿄游꿄游꿄游땘游땘游녧游꿄游누游녧游땓游땘游녧游땘游녧游땓游땓游땓游누游누
b26d818b __Test__Walk__/test56_emojiSupport()/游땘游꿄游땘游땓游꿄游꿄游누游땓游녧游땓游땘游꿄游꿄游녧游땓游땘游누游땘游땘游꿄游누游꿄游꿄游누游땓游땓游녧游땘游땓游녧
55538cc5 __Test__Walk__/test56_emojiSupport()/游누游꿄游녧游꿄游녧游꿄游땓游녧游땓游녧游녧游꿄游땓游땘游녧游땘游땘游땘游땓游땘游녧游땓游꿄游녧游녧游누游녧游누游땘游누
611b3841 __Test__Walk__/test56_emojiSupport()/游땘游땘游녧游땓游꿄游땓游녧游꿄游녧游누游꿄游땘游땘游꿄游땘游땓游꿄游땘游누游땘游녧游녧游땓游녧游땘游꿄游누游땓游꿄游꿄
b57543ca __Test__Walk__/test56_emojiSupport()/游꿄游누游누游녧游땘游땓游땓游땓游녧游땘游땓游꿄游꿄游땓游녧游녧游누游녧游땘游꿄游땘游땘游꿄游녧游녧游꿄游녧游땓游녧游누
db26632e __Test__Walk__/test56_emojiSupport()/游땘游땓游땓游누游누游누游꿄游녧游꿄游땓游꿄游누游꿄游누游누游누游누游누游꿄游녧游꿄游땘游땓游녧游땓游땓游땘游꿄游땘游땘
7d4b7e70 __Test__Walk__/test56_emojiSupport()/游땘游녧游녧游땓游누游꿄游녧游녧游누游누游녧游땓游누游꿄游땘游누游꿄游녧游꿄游땘游꿄游땓游땘游땘游꿄游녧游누游누游녧游꿄
