837d7091 __Test__Walk__/test23_veryLargeFile()/EVLDP0yNcCb2oHofIs6PjEQDXvlidd
