6b7ab495 __Test__Walk__/test80_doubleRecursion()/EVLDP0yNcCb2oHofIs6PjEQDXvlidd/sZNPxeXizaY0ON8Kzp470NvinE997f
50ceec2f __Test__Walk__/test80_doubleRecursion()/EVLDP0yNcCb2oHofIs6PjEQDXvlidd/WLtoAqyyRRku7AyiGcE49todNPDI6Y
348915da __Test__Walk__/test80_doubleRecursion()/9zPC64069Oq94ukd4S3z75GlHelMk6/mYkjwXtS1ggWJgrCFraHEFHCvCG8IM
e02cf887 __Test__Walk__/test80_doubleRecursion()/9zPC64069Oq94ukd4S3z75GlHelMk6/d5a8Sd1jrzXNjvoxnfH4fJ0PYTFOg8
466203f3 __Test__Walk__/test80_doubleRecursion()/9zPC64069Oq94ukd4S3z75GlHelMk6/nulB8B47Z8LJt5wOzhvJsOxbYSwhK9
fe223de1 __Test__Walk__/test80_doubleRecursion()/9zPC64069Oq94ukd4S3z75GlHelMk6/2l5kSbgGVxP4bP8VVgJZHs0Jq8A03v/Y1fMQ5xsi5sukz0UR2Acl6wBgqrBRx
81e86a3d __Test__Walk__/test80_doubleRecursion()/9zPC64069Oq94ukd4S3z75GlHelMk6/2l5kSbgGVxP4bP8VVgJZHs0Jq8A03v/Xg2Y2uZRyOwkFt7ioNE9lGwx5dWeSW/Tkc2bunoXOrcD2gEqUocv2RvV8Xrcp
8d6e2119 __Test__Walk__/test80_doubleRecursion()/9zPC64069Oq94ukd4S3z75GlHelMk6/2l5kSbgGVxP4bP8VVgJZHs0Jq8A03v/6xVZ2rOOlC2Rxo0B1pTQylj5jXohxp/lj0JGkm9rSTGI4dXlbNbnMFLtDNmtt
7f1b37a4 __Test__Walk__/test80_doubleRecursion()/9zPC64069Oq94ukd4S3z75GlHelMk6/2l5kSbgGVxP4bP8VVgJZHs0Jq8A03v/6xVZ2rOOlC2Rxo0B1pTQylj5jXohxp/m1QBL0GuGF0ICL15Fx7qyTLQhUfGgv
b963bac2 __Test__Walk__/test80_doubleRecursion()/9zPC64069Oq94ukd4S3z75GlHelMk6/2l5kSbgGVxP4bP8VVgJZHs0Jq8A03v/7jVlBcHRIIFulG2raoD8zO6dsk7sZZ/u1Q54DUuzkQ9JwBbPUbCxR7Li5ZuIh
67ac9867 __Test__Walk__/test80_doubleRecursion()/9zPC64069Oq94ukd4S3z75GlHelMk6/2l5kSbgGVxP4bP8VVgJZHs0Jq8A03v/7jVlBcHRIIFulG2raoD8zO6dsk7sZZ/q4h956NQuKG343Eqvb4wmSOpxoEPqo
757090b0 __Test__Walk__/test80_doubleRecursion()/9zPC64069Oq94ukd4S3z75GlHelMk6/b5WB0jGRjdo6uB5KNYttEKq1N4ov7k/NyLKyD7zlIRW61hlxZ9XBVzaLmdso8
a218fa13 __Test__Walk__/test80_doubleRecursion()/9zPC64069Oq94ukd4S3z75GlHelMk6/b5WB0jGRjdo6uB5KNYttEKq1N4ov7k/G3KrbSymWJKoOUSJET45eiWvS8jKKF
31ad9a1a __Test__Walk__/test80_doubleRecursion()/9zPC64069Oq94ukd4S3z75GlHelMk6/b5WB0jGRjdo6uB5KNYttEKq1N4ov7k/a2fhpe7rKqaNoFaPH8Nlhcl4gykoAS/TvBvFqw8IwQ6oEjQARZWMOiE8ikWRX
16882933 __Test__Walk__/test80_doubleRecursion()/9zPC64069Oq94ukd4S3z75GlHelMk6/b5WB0jGRjdo6uB5KNYttEKq1N4ov7k/a2fhpe7rKqaNoFaPH8Nlhcl4gykoAS/l2be6WSH2YbXKEWemvWoNmNaMehz0j/1eDfmLf0Xb0xdzM3QCGr15Ljj4pm8R
065fc29e __Test__Walk__/test80_doubleRecursion()/9zPC64069Oq94ukd4S3z75GlHelMk6/b5WB0jGRjdo6uB5KNYttEKq1N4ov7k/a2fhpe7rKqaNoFaPH8Nlhcl4gykoAS/l2be6WSH2YbXKEWemvWoNmNaMehz0j/5bHmxah8B4rwb7KEDJwc3Bevzwy7nM/s9KxOMJnTLhOYWhmylZGK1rmZJ8E6d
e78f36a1 __Test__Walk__/test80_doubleRecursion()/9zPC64069Oq94ukd4S3z75GlHelMk6/b5WB0jGRjdo6uB5KNYttEKq1N4ov7k/a2fhpe7rKqaNoFaPH8Nlhcl4gykoAS/l2be6WSH2YbXKEWemvWoNmNaMehz0j/5bHmxah8B4rwb7KEDJwc3Bevzwy7nM/2p14vUJMQOIdAfSQRFUPCbqLZENLH4
77fa23a1 __Test__Walk__/test80_doubleRecursion()/9zPC64069Oq94ukd4S3z75GlHelMk6/b5WB0jGRjdo6uB5KNYttEKq1N4ov7k/a2fhpe7rKqaNoFaPH8Nlhcl4gykoAS/TW34N7hzX6xy2cmJr9ULQ2VKvs9kT5/jyHbJV2j37yTA8MCIUUgWn3W5fEk9p
9c2635cc __Test__Walk__/test80_doubleRecursion()/9zPC64069Oq94ukd4S3z75GlHelMk6/b5WB0jGRjdo6uB5KNYttEKq1N4ov7k/a2fhpe7rKqaNoFaPH8Nlhcl4gykoAS/TW34N7hzX6xy2cmJr9ULQ2VKvs9kT5/viyjuAwOJc2DWP66r35tEVA2mP5Xw7
13b54232 __Test__Walk__/test80_doubleRecursion()/9zPC64069Oq94ukd4S3z75GlHelMk6/b5WB0jGRjdo6uB5KNYttEKq1N4ov7k/a2fhpe7rKqaNoFaPH8Nlhcl4gykoAS/TW34N7hzX6xy2cmJr9ULQ2VKvs9kT5/xurvdec06w1L6iJh6s2hPe9k35FCtY/U1MlmxN8SqTiRNaUm9qoV56Jh7ichx
7cea4df1 __Test__Walk__/test80_doubleRecursion()/9zPC64069Oq94ukd4S3z75GlHelMk6/b5WB0jGRjdo6uB5KNYttEKq1N4ov7k/QEGMjKfhwFNXiDlJV6aFSpnC2JTBvj/KIcdGfaMHZFjs8YMElVPYAVJYVMlKX
8c82445e __Test__Walk__/test80_doubleRecursion()/9zPC64069Oq94ukd4S3z75GlHelMk6/b5WB0jGRjdo6uB5KNYttEKq1N4ov7k/QEGMjKfhwFNXiDlJV6aFSpnC2JTBvj/6YoHt8Me9l1WtzO7UMebclHTwF4tES/yMGDfP9urNUyHxe6Igc71IOcZyeFCF
39a3642b __Test__Walk__/test80_doubleRecursion()/9zPC64069Oq94ukd4S3z75GlHelMk6/b5WB0jGRjdo6uB5KNYttEKq1N4ov7k/QEGMjKfhwFNXiDlJV6aFSpnC2JTBvj/6YoHt8Me9l1WtzO7UMebclHTwF4tES/twQedvILtuSODLo6WeZsNMIN5UnEoV/XkhnpaUpGyUacfPuVIv8O5q4dVMubk
5f9631a6 __Test__Walk__/test80_doubleRecursion()/9zPC64069Oq94ukd4S3z75GlHelMk6/b5WB0jGRjdo6uB5KNYttEKq1N4ov7k/QEGMjKfhwFNXiDlJV6aFSpnC2JTBvj/6YoHt8Me9l1WtzO7UMebclHTwF4tES/twQedvILtuSODLo6WeZsNMIN5UnEoV/Fk3jzCreLxejmxSUbkH7ImnYZ3oBj6
9696956d __Test__Walk__/test80_doubleRecursion()/9zPC64069Oq94ukd4S3z75GlHelMk6/b5WB0jGRjdo6uB5KNYttEKq1N4ov7k/QEGMjKfhwFNXiDlJV6aFSpnC2JTBvj/rOTuPWu6ucpIEvmxg9otThvcIYf5EP/9EopXmpUAnVWov73r9BlhbLboir4Be
2c80d289 __Test__Walk__/test80_doubleRecursion()/9zPC64069Oq94ukd4S3z75GlHelMk6/b5WB0jGRjdo6uB5KNYttEKq1N4ov7k/QEGMjKfhwFNXiDlJV6aFSpnC2JTBvj/rOTuPWu6ucpIEvmxg9otThvcIYf5EP/ADhUHCFodpLurlrj9CdnUbWWqHkeAS
0ca5eb5c __Test__Walk__/test80_doubleRecursion()/9zPC64069Oq94ukd4S3z75GlHelMk6/b5WB0jGRjdo6uB5KNYttEKq1N4ov7k/QEGMjKfhwFNXiDlJV6aFSpnC2JTBvj/hdnWQ0iZuZtMtWEPLpB2Ek11xfJnob/aBCwHGZgFx6fI21LnadlOhBLqHclG0
7273f024 __Test__Walk__/test80_doubleRecursion()/9zPC64069Oq94ukd4S3z75GlHelMk6/b5WB0jGRjdo6uB5KNYttEKq1N4ov7k/QEGMjKfhwFNXiDlJV6aFSpnC2JTBvj/hdnWQ0iZuZtMtWEPLpB2Ek11xfJnob/hRTcOoKojWajzJCi6uIMWea7kZIwXh
bf7af7b0 __Test__Walk__/test80_doubleRecursion()/9zPC64069Oq94ukd4S3z75GlHelMk6/b5WB0jGRjdo6uB5KNYttEKq1N4ov7k/QEGMjKfhwFNXiDlJV6aFSpnC2JTBvj/hdnWQ0iZuZtMtWEPLpB2Ek11xfJnob/06ZG9lRqvwRiEA8Y6E3YBnTY10Zql9/zeQK7H5dQBFvLYvPW4W8KRGDEpZw2R
bdb51df2 __Test__Walk__/test80_doubleRecursion()/9zPC64069Oq94ukd4S3z75GlHelMk6/b5WB0jGRjdo6uB5KNYttEKq1N4ov7k/QEGMjKfhwFNXiDlJV6aFSpnC2JTBvj/hdnWQ0iZuZtMtWEPLpB2Ek11xfJnob/u2jsZWcrGTYHR6d5ndOsTJ5lraCEqP/pSxlb1salW9fidekjMwCvWsI677POl
459ec71b __Test__Walk__/test80_doubleRecursion()/9zPC64069Oq94ukd4S3z75GlHelMk6/kIlNtlBjOIadgM55jFhoxyWXAEKVJ3/sR0Omil2iKp8AqF3dXO6CVHY1UMs13/jhjvvaoP7qzPLngiu79LD6hdvVqh78
2826c848 __Test__Walk__/test80_doubleRecursion()/9zPC64069Oq94ukd4S3z75GlHelMk6/kIlNtlBjOIadgM55jFhoxyWXAEKVJ3/sR0Omil2iKp8AqF3dXO6CVHY1UMs13/iSjIRLkHj5Du2DOO7Msz0Wi3un7JwC/IUb1d4E37ige3o8h9cVA0kvoufOEGO
cb351823 __Test__Walk__/test80_doubleRecursion()/9zPC64069Oq94ukd4S3z75GlHelMk6/kIlNtlBjOIadgM55jFhoxyWXAEKVJ3/sR0Omil2iKp8AqF3dXO6CVHY1UMs13/iSjIRLkHj5Du2DOO7Msz0Wi3un7JwC/fJu5TfLIGHvdphti3fhawzLa1dddA8/fVBd6CcAnVQanEmVSfZkqNIagybouW
6b7ab495 __Test__Walk__/test80_doubleRecursion()/9zPC64069Oq94ukd4S3z75GlHelMk6/../EVLDP0yNcCb2oHofIs6PjEQDXvlidd/sZNPxeXizaY0ON8Kzp470NvinE997f
50ceec2f __Test__Walk__/test80_doubleRecursion()/9zPC64069Oq94ukd4S3z75GlHelMk6/../EVLDP0yNcCb2oHofIs6PjEQDXvlidd/WLtoAqyyRRku7AyiGcE49todNPDI6Y
