9068d7cb __Test__Walk__/test45_partiallyMissingFiles()/kG3KrbSymWJKoOUSJET45eiWvS8jKK
8e92e51b __Test__Walk__/test45_partiallyMissingFiles()/EVLDP0yNcCb2oHofIs6PjEQDXvlidd
611b3841 __Test__Walk__/test45_partiallyMissingFiles()/DyTCHeJ38jcWLtoAqyyRRku7AyiGcE
7d4b7e70 __Test__Walk__/test45_partiallyMissingFiles()/lB8B47Z8LJt5wOzhvJsOxbYSwhK9zd
ded21845 __Test__Walk__/test45_partiallyMissingFiles()/4Cd5a8Sd1jrzXNjvoxnfH4fJ0PYTFO
289bd7e5 __Test__Walk__/test45_partiallyMissingFiles()/JSzAEl9d0p6VaOSGSwq4h956NQuKG3
e84a5eaf __Test__Walk__/test45_partiallyMissingFiles()/OJc2DWP66r35tEVA2mP5Xw7fAVKw2q
ce0da742 __Test__Walk__/test45_partiallyMissingFiles()/AVD4bOT6A0Eq6EmY5koAStiE2xurvd
db26632e __Test__Walk__/test45_partiallyMissingFiles()/d4S3z75GlHelMk6vsZNPxeXizaY0ON
00000000 no-such-file-3
b57543ca __Test__Walk__/test45_partiallyMissingFiles()/9RCYO6D6xVZ2rOOlC2Rxo0B1pTQylj
87562078 __Test__Walk__/test45_partiallyMissingFiles()/uFWfbQEGMjKfhwFNXiDlJV6aFSpnC2
235ad359 __Test__Walk__/test45_partiallyMissingFiles()/2k3DhL3AM1mYkjwXtS1ggWJgrCFraH
00000000 no-such-file-2
00000000 no-such-file-1
3d6dcc09 __Test__Walk__/test45_partiallyMissingFiles()/emvWoNmNaMehz0jd1eDfmLf0Xb0xdz
14953c7f __Test__Walk__/test45_partiallyMissingFiles()/5Fx7qyTLQhUfGgv27AU8s12VTaJErC
b26d818b __Test__Walk__/test45_partiallyMissingFiles()/wx5dWeSWyTkc2bunoXOrcD2gEqUocv
ff9486c7 __Test__Walk__/test45_partiallyMissingFiles()/la2fhpe7rKqaNoFaPH8Nlhcl4gykoA
55538cc5 __Test__Walk__/test45_partiallyMissingFiles()/SbgGVxP4bP8VVgJZHs0Jq8A03vOY1f
be4c3337 __Test__Walk__/test45_partiallyMissingFiles()/sXcKUtJc7a06E4h71W2XjDBwUu15ur
163b5171 __Test__Walk__/test45_partiallyMissingFiles()/I4dXlbNbnMFLtDNmttHxL80wirLq35
9544931b __Test__Walk__/test45_partiallyMissingFiles()/jtkXobju4NxTW34N7hzX6xy2cmJr9U
fceff157 __Test__Walk__/test45_partiallyMissingFiles()/ulG2raoD8zO6dsk7sZZ7u1Q54DUuzk
629bf549 __Test__Walk__/test45_partiallyMissingFiles()/8ikWRXUCzro16IPVKKk9xlLxyMEukj
66b1088a __Test__Walk__/test45_partiallyMissingFiles()/Cs9KxOMJnTLhOYWhmylZGK1rmZJ8E6
4650ac82 __Test__Walk__/test45_partiallyMissingFiles()/FCtYTU1MlmxN8SqTiRNaUm9qoV56Jh
8c181627 __Test__Walk__/test45_partiallyMissingFiles()/VPI6q7HaUs7YJdLu5bHmxah8B4rwb7
6d2e4c3c __Test__Walk__/test45_partiallyMissingFiles()/Ff2z17zVuQT3kBrnb5WB0jGRjdo6uB
c45d5a5f __Test__Walk__/test45_partiallyMissingFiles()/7zlIRW61hlxZ9XBVzaLmdso8VXNmVA
6824375d __Test__Walk__/test45_partiallyMissingFiles()/a3FJ45K2p14vUJMQOIdAfSQRFUPCbq
1e65b9f9 __Test__Walk__/test45_partiallyMissingFiles()/A8MCIUUgWn3W5fEk9ptI5nxinixvdK
396d3551 __Test__Walk__/test45_partiallyMissingFiles()/l6wBgqrBRxAqdLjmByt12EIlDVYL5W
