2799e2ce __Test__Walk__/test46_filesAndDirs()/HeJ38jcWLtoAqyyRRku7AyiGcE49to
f98438e2 __Test__Walk__/test46_filesAndDirs()/SbgGVxP4bP8VVgJZHs0Jq8A03vOY1f
8bb5bacc __Test__Walk__/test46_filesAndDirs()/EVLDP0yNcCb2oHofIs6PjEQDXvlidd
799d0b42 __Test__Walk__/test46_filesAndDirs()/Cd5a8Sd1jrzXNjvoxnfH4fJ0PYTFOg
37b89d01 __Test__Walk__/test46_filesAndDirs()/DI6YVvM4qSRZ2k3DhL3AM1mYkjwXtS
8b04dfbf __Test__Walk__/test46_filesAndDirs()/eXizaY0ON8Kzp470NvinE997fH8DDD
980f93f0 __Test__Walk__/test46_filesAndDirs()/XQqQRmh0eGgOTGynulB8B47Z8LJt5w
c580932e __Test__Walk__/test46_filesAndDirs()/C64069Oq94ukd4S3z75GlHelMk6vsZ
d069d113 __Test__Walk__/test46_filesAndDirs()/WJgrCFraHEFHCvCG8IMryUIY69knzG
2b5daf32 __Test__Walk__/test46_filesAndDirs()/vJsOxbYSwhK9zdUUakLzZnCQNlTcH2
