ded21845 __Test__Walk__/test52_dirsSupport()/4Cd5a8Sd1jrzXNjvoxnfH4fJ0PYTFO
396d3551 __Test__Walk__/test52_dirsSupport()/l6wBgqrBRxAqdLjmByt12EIlDVYL5W
235ad359 __Test__Walk__/test52_dirsSupport()/2k3DhL3AM1mYkjwXtS1ggWJgrCFraH
db26632e __Test__Walk__/test52_dirsSupport()/d4S3z75GlHelMk6vsZNPxeXizaY0ON
55538cc5 __Test__Walk__/test52_dirsSupport()/SbgGVxP4bP8VVgJZHs0Jq8A03vOY1f
611b3841 __Test__Walk__/test52_dirsSupport()/DyTCHeJ38jcWLtoAqyyRRku7AyiGcE
7d4b7e70 __Test__Walk__/test52_dirsSupport()/lB8B47Z8LJt5wOzhvJsOxbYSwhK9zd
b57543ca __Test__Walk__/test52_dirsSupport()/9RCYO6D6xVZ2rOOlC2Rxo0B1pTQylj
8e92e51b __Test__Walk__/test52_dirsSupport()/EVLDP0yNcCb2oHofIs6PjEQDXvlidd
b26d818b __Test__Walk__/test52_dirsSupport()/wx5dWeSWyTkc2bunoXOrcD2gEqUocv
