611b3841 __Test__Walk__/test51_dirSupport()/DyTCHeJ38jcWLtoAqyyRRku7AyiGcE
7d4b7e70 __Test__Walk__/test51_dirSupport()/lB8B47Z8LJt5wOzhvJsOxbYSwhK9zd
55538cc5 __Test__Walk__/test51_dirSupport()/SbgGVxP4bP8VVgJZHs0Jq8A03vOY1f
b26d818b __Test__Walk__/test51_dirSupport()/wx5dWeSWyTkc2bunoXOrcD2gEqUocv
8e92e51b __Test__Walk__/test51_dirSupport()/EVLDP0yNcCb2oHofIs6PjEQDXvlidd
db26632e __Test__Walk__/test51_dirSupport()/d4S3z75GlHelMk6vsZNPxeXizaY0ON
ded21845 __Test__Walk__/test51_dirSupport()/4Cd5a8Sd1jrzXNjvoxnfH4fJ0PYTFO
235ad359 __Test__Walk__/test51_dirSupport()/2k3DhL3AM1mYkjwXtS1ggWJgrCFraH
396d3551 __Test__Walk__/test51_dirSupport()/l6wBgqrBRxAqdLjmByt12EIlDVYL5W
b57543ca __Test__Walk__/test51_dirSupport()/9RCYO6D6xVZ2rOOlC2Rxo0B1pTQylj
